node.exe : [1m[33mThe 
"prerender" option is not 
considered when "outputMode" 
is specified.[39m[22m
At line:1 char:1
+ & "C:\Program 
Files\nodejs/node.exe" 
"C:\Program 
Files\nodejs/node_mo ...
+ ~~~~~~~~~~~~~~~~~~~~~~~~~~~
~~~~~~~~~~~~~~~~~~~~~~~~~~~~~
~~~~~~~~~~~~~
    + CategoryInfo           
   : NotSpecifi    ed: 
([1m[33mThe     
"p...fied.[39m[2    
2m:String) [], Rem    
oteException
    + FullyQualifiedEr    
rorId : NativeComm    
andError
 
Application bundle generation failed. [3.241 seconds] - 2026-03-22T18:35:42.083Z

[1m[31m[31mX [41;31m[[41
;97mERROR[41;31m][0m 
[1mNG5002: Unexpected 
closing tag "main". It may 
happen when the tag has 
already been closed by 
another tag. For more info 
see https://www.w3.org/TR/htm
l5/syntax.html#closing-elemen
ts-that-have-implied-end-tags
[0m [1m[35m[plugin 
angular-compiler][0m

    src/app/pages/dashboard/d
ashboard.component.html:199:2
:
[37m      199 Γöé   
[32m</main>[37m
          Γò╡   
[32m~~~~~~~[0m

  Error occurs in the 
template of component 
DashboardComponent.

    src/app/pages/dashboard/d
ashboard.component.ts:8:15:
[37m      8 Γöé   
templateUrl: [32m'./dashboar
d.component.html'[37m,
        Γò╡                [
32m~~~~~~~~~~~~~~~~~~~~~~~~~~
~~[0m

[39m[22m
